"forward loop"
0
1
2
3
4
5
6
7
8
9
"reverse loop"
10
9
8
7
6
5
4
3
2
1
"expression in range"
0
1
2
3
4
5
6
7
8
9
"implicit start value"
0
1
2
3
4
5
6
7
8
9
